---
source: tests/cpg_snapshots.rs
expression: summary(&c)
---
nodes: {"call": 9, "field": 1, "field_access": 13, "file": 3, "identifier": 24, "literal": 14, "method": 9, "method_return": 9, "other": 182, "param": 8, "type": 6, "type_decl": 10}
edges: {"argument": 12, "ast": 269, "call": 14, "cdg": 6, "cfg": 15, "contains": 25, "param_in": 9, "reaching": 16, "receiver": 9, "ref": 6, "scope": 19, "type_of": 9}
call Other.Exec -> Quiet.Run
call Other.Exec -> Shell.Run
call Shell.Run -> Quiet.Run
call Shell.Run -> Shell.Run
call Shell.Run -> Shell.Run
call Svc.work -> Shell.Run
call use -> Quiet.Run
call use -> Quiet.Run
call use -> Quiet.Run
call use -> Quiet.Run
call use -> Shell.Run
call use -> Shell.Run
call use -> Shell.Run
call use -> Shell.Run
