---
source: tests/cpg_snapshots.rs
assertion_line: 116
expression: summary(&c)
---
nodes: {"assign": 34, "call": 45, "control": 1, "field": 1, "field_access": 18, "file": 4, "identifier": 196, "literal": 27, "local": 34, "method": 39, "method_return": 41, "other": 334, "param": 17, "return": 1, "type": 3, "type_decl": 4}
edges: {"argument": 14, "ast": 716, "call": 56, "cdg": 77, "cfg": 129, "contains": 118, "param_in": 2, "reaching": 85, "receiver": 15, "ref": 96, "return_out": 1, "scope": 43, "type_of": 3}
call Bus.__init__ -> start
call Bus.emit -> start
call appended -> start
call appended -> start
call appended -> stop
call appended -> stop
call appended_position -> start
call appended_position -> stop
call appended_position -> stop
call computed_constant_key -> start
call computed_unknown_key -> start
call computed_unknown_key -> stop
call dispatch -> alpha
call dispatch -> alpha
call dispatch -> alpha
call dispatch -> beta
call dispatch -> beta
call dispatch -> beta
call dispatch -> close
call dispatch -> down
call dispatch -> open
call dispatch -> start
call dispatch -> stop
call dispatch -> up
call each -> close
call each -> down
call each -> down
call each -> open
call each -> up
call each -> up
call fill -> start
call fill -> stop
call filled_in_place -> fill
call filled_in_place -> start
call filled_in_place -> start
call filled_in_place -> stop
call filled_in_place -> stop
call handed -> open
call items -> items
call items -> start
call items -> stop
call keyed -> close
call keyed -> open
call keyed_dict -> start
call keyed_list -> stop
call local_table -> start
call local_table -> stop
call objects -> Runner.run
call objects -> Worker.run
call pair_key -> items
call passes -> run_all
call returned -> make_table
call returned -> start
call returned -> stop
call run_all -> other
call run_all -> start
