---
source: tests/cpg_snapshots.rs
expression: summary(&c)
---
nodes: {"assign": 40, "binary_op": 1, "call": 61, "field": 1, "field_access": 42, "file": 5, "identifier": 186, "literal": 88, "local": 33, "method": 27, "method_return": 27, "other": 464, "param": 4, "type_decl": 2}
edges: {"argument": 35, "ast": 915, "call": 4, "cdg": 66, "cfg": 93, "contains": 88, "param_in": 4, "param_out": 4, "reaching": 88, "receiver": 30, "ref": 75, "scope": 29}
call instances_apart -> Req.__init__
call instances_apart -> Req.__init__
call instances_same -> Req.__init__
call instances_same -> Req.__init__
