---
source: tests/cpg_snapshots.rs
expression: summary(&c)
---
nodes: {"assign": 1, "call": 6, "field": 1, "field_access": 7, "file": 2, "identifier": 22, "local": 1, "method": 15, "method_return": 15, "other": 184, "param": 4, "type": 5, "type_decl": 12}
edges: {"ast": 251, "call": 12, "cdg": 7, "cfg": 22, "contains": 37, "inherits": 8, "reaching": 19, "receiver": 6, "ref": 7, "scope": 27, "type_of": 6}
call Svc.Go -> A.Run
call Svc.Go -> B.Run
call Svc.Go -> C.Run
call alarm -> Base.Wake
call direct -> Base.Wake
call embedded -> A.Run
call embedded -> B.Run
call embedded -> C.Run
call embedded_only -> Base.Wake
call local -> A.Run
call local -> B.Run
call local -> C.Run
