---
source: tests/cpg_snapshots.rs
expression: summary(&c)
---
nodes: {"assign": 3, "binary_op": 1, "call": 1, "control": 4, "file": 1, "identifier": 14, "literal": 7, "local": 2, "method": 2, "method_return": 2, "other": 50, "param": 2, "return": 3, "type": 2, "type_decl": 1}
edges: {"argument": 1, "ast": 88, "cdg": 14, "cfg": 21, "contains": 8, "reaching": 11, "ref": 11, "scope": 3, "type_of": 3}
